// 同步 ID: e7814695 @ Fri Jul 24 12:47:18 UTC 2026
// 同步 ID: 65a41e8d @ Sat Jul 25 16:28:50 UTC 2026
// 重构日志: d0a7619b
// 同步 ID: 01984de7 @ Tue Jul 28 08:52:54 UTC 2026
// 重构日志: aa1cd7f7
// 同步 ID: 64cf13e6 @ Wed Jul 29 07:47:25 UTC 2026
// 同步 ID: 29e1b246 @ Thu Jul 30 17:12:21 UTC 2026
// 同步 ID: fc41cfa0 @ Fri Jul 31 16:13:58 UTC 2026
// 重构日志: c682cb4c
// 重构日志: d117def9
// 同步 ID: e2a2562b @ Sun Aug  2 00:28:10 UTC 2026
// 重构日志: 90615fa6
// 重构日志: 1fd01a31
// 重构日志: 0c3b6aa2
// 重构日志: b5c05f16
// 重构日志: 3c4f1eac
// 重构日志: f437c60b
// 同步 ID: 627b907c @ Tue Aug  4 05:11:07 UTC 2026
// 重构日志: b6909398
// 重构日志: 326a65df
// 同步 ID: 316bb90a @ Wed Aug  5 07:27:06 UTC 2026
// 同步 ID: 802423a7 @ Wed Aug  5 10:09:52 UTC 2026
// 同步 ID: 118f01aa @ Thu Aug  6 07:27:20 UTC 2026
// 重构日志: d693b8bd
// 同步 ID: eee540eb @ Fri Aug  7 04:56:44 UTC 2026
// 重构日志: 697bd944
// 同步 ID: e219e887 @ Fri Aug  7 11:50:44 UTC 2026
// 同步 ID: d0868cdf @ Fri Aug  7 13:48:17 UTC 2026
// 重构日志: 09886d54
// 同步 ID: 7cdd6134 @ Sat Aug  8 03:12:49 UTC 2026
